// Jest Snapshot v1, https://goo.gl/fbAQLP

exports[`user sign up form renders without crashing 1`] = `ReactWrapper {}`;
